=====offline start=====
=====offline end=====
=====online start=====
=====online end=====
Label            Time (ms)  diff (ms)
__________________________________
offline_end      5138114.0  5138114.044  **********
online_start     5138951.2    837.185  ****
online_end       5141625.9   2674.672  *****

Offline Comm: 2576.392 MB
Online Comm: 34.000 MB
=====offline start=====
=====offline end=====
=====online start=====
=====online end=====
Label            Time (ms)  diff (ms)
__________________________________
offline_end       280257.7  280257.665  **********
online_start      281107.1    849.444  *****
online_end        283770.0   2662.880  ******

Offline Comm: 2576.392 MB
Online Comm: 34.000 MB
